// Jest Snapshot v1, https://goo.gl/fbAQLP

exports[`Snapshots tests should display correctly 1`] = `
<div>
  <span
    class="spinner s"
  />
</div>
`;
