// Jest Snapshot v1, https://goo.gl/fbAQLP

exports[`Slider should match snapshot 1`] = `
<div>
  <div
    class="component"
  >
    <div
      class="rangeWrapper"
    >
      <input
        class="range"
        max="100"
        min="0"
        step="1"
        type="range"
        value="0"
      />
    </div>
    <progress
      class="progress"
      max="100"
      value="0"
    />
  </div>
</div>
`;
