// Jest Snapshot v1, https://goo.gl/fbAQLP

exports[`Drawer should match snapshot 1`] = `
<div
  class="wrapper"
  data-test-id="drawer"
  role="dialog"
  style="z-index: 100;"
  tabindex="-1"
>
  <div
    class="component enter enterActive"
  >
    <div
      class="content"
    >
      <div
        class="content contentEnter contentEnterActive"
      >
        <span>
          header
        </span>
        <span>
          content
        </span>
        <span>
          footer
        </span>
      </div>
    </div>
  </div>
</div>
`;
