// Jest Snapshot v1, https://goo.gl/fbAQLP

exports[`Scrollbar Display tests should display correctly 1`] = `
<div>
  <div
    class="component ps"
    data-test-id="test-id"
  >
    <div
      style="height: 200px;"
    />
    <div
      class="ps__rail-x"
      style="left: 0px; top: 0px;"
    >
      <div
        class="ps__thumb-x"
        style="left: 0px; width: 0px;"
        tabindex="0"
      />
    </div>
    <div
      class="ps__rail-y"
      style="top: 0px; left: 0px;"
    >
      <div
        class="ps__thumb-y"
        style="top: 0px; height: 0px;"
        tabindex="0"
      />
    </div>
  </div>
</div>
`;
