// Jest Snapshot v1, https://goo.gl/fbAQLP

exports[`Plate Snapshots tests should match snapshot 1`] = `
<div>
  <div
    class="component positive"
    role="alert"
    tabindex="-1"
  >
    <div
      class="leftAddons"
    >
      <svg
        fill="currentColor"
        focusable="false"
        height="24"
        viewBox="0 0 24 24"
        width="24"
      >
        <path
          clip-rule="evenodd"
          d="M12 22c5.523 0 10-4.477 10-10S17.523 2 12 2 2 6.477 2 12s4.477 10 10 10zm-1.5-6L17 9.5 15.5 8l-5 5-2-2L7 12.5l3.5 3.5z"
          fill-rule="evenodd"
        />
      </svg>
    </div>
    <div
      class="contentContainer"
    >
      <div
        class="title"
      >
        title
      </div>
      <div
        class="content"
      >
        <div
          class="contentInner"
        >
          text
        </div>
      </div>
    </div>
  </div>
</div>
`;
