// Jest Snapshot v1, https://goo.gl/fbAQLP

exports[`CardImage Display tests should display correctly 1`] = `
Object {
  "asFragment": [Function],
  "baseElement": <body>
    <div>
      <div
        class="cardImage rounded"
        style="width: 280px; height: 176.4px;"
      />
    </div>
  </body>,
  "container": <div>
    <div
      class="cardImage rounded"
      style="width: 280px; height: 176.4px;"
    />
  </div>,
  "debug": [Function],
  "findAllByAltText": [Function],
  "findAllByDisplayValue": [Function],
  "findAllByLabelText": [Function],
  "findAllByPlaceholderText": [Function],
  "findAllByRole": [Function],
  "findAllByTestId": [Function],
  "findAllByText": [Function],
  "findAllByTitle": [Function],
  "findByAltText": [Function],
  "findByDisplayValue": [Function],
  "findByLabelText": [Function],
  "findByPlaceholderText": [Function],
  "findByRole": [Function],
  "findByTestId": [Function],
  "findByText": [Function],
  "findByTitle": [Function],
  "getAllByAltText": [Function],
  "getAllByDisplayValue": [Function],
  "getAllByLabelText": [Function],
  "getAllByPlaceholderText": [Function],
  "getAllByRole": [Function],
  "getAllByTestId": [Function],
  "getAllByText": [Function],
  "getAllByTitle": [Function],
  "getByAltText": [Function],
  "getByDisplayValue": [Function],
  "getByLabelText": [Function],
  "getByPlaceholderText": [Function],
  "getByRole": [Function],
  "getByTestId": [Function],
  "getByText": [Function],
  "getByTitle": [Function],
  "queryAllByAltText": [Function],
  "queryAllByDisplayValue": [Function],
  "queryAllByLabelText": [Function],
  "queryAllByPlaceholderText": [Function],
  "queryAllByRole": [Function],
  "queryAllByTestId": [Function],
  "queryAllByText": [Function],
  "queryAllByTitle": [Function],
  "queryByAltText": [Function],
  "queryByDisplayValue": [Function],
  "queryByLabelText": [Function],
  "queryByPlaceholderText": [Function],
  "queryByRole": [Function],
  "queryByTestId": [Function],
  "queryByText": [Function],
  "queryByTitle": [Function],
  "rerender": [Function],
  "unmount": [Function],
}
`;

exports[`CardImage Display tests should display with cardId and layers 1`] = `
<div>
  <div
    class="cardImage rounded"
    style="width: 280px; height: 176.4px;"
  >
    <img
      class="image"
      height="176.4"
      role="presentation"
      src="https://online.alfabank.ru/cards-images/cards/ER/images?layers=BACKGROUND,CARD_NUMBER,CARD_HOLDER&width=280"
      srcset="https://online.alfabank.ru/cards-images/cards/ER/images?layers=BACKGROUND,CARD_NUMBER,CARD_HOLDER&width=560 2x"
      width="280"
    />
  </div>
</div>
`;

exports[`CardImage Display tests should display with cardId correctly 1`] = `
Object {
  "asFragment": [Function],
  "baseElement": <body>
    <div>
      <div
        class="cardImage rounded"
        style="width: 280px; height: 176.4px;"
      >
        <img
          class="image"
          height="176.4"
          role="presentation"
          src="https://online.alfabank.ru/cards-images/cards/ER/images?layers=BACKGROUND,CARD_NUMBER,CARD_HOLDER,PAY_PASS,CHIP,LOGO,PAYMENT_SYSTEM,RESERVED_1,RESERVED_2,VALID_DATE&width=280"
          srcset="https://online.alfabank.ru/cards-images/cards/ER/images?layers=BACKGROUND,CARD_NUMBER,CARD_HOLDER,PAY_PASS,CHIP,LOGO,PAYMENT_SYSTEM,RESERVED_1,RESERVED_2,VALID_DATE&width=560 2x"
          width="280"
        />
      </div>
    </div>
  </body>,
  "container": <div>
    <div
      class="cardImage rounded"
      style="width: 280px; height: 176.4px;"
    >
      <img
        class="image"
        height="176.4"
        role="presentation"
        src="https://online.alfabank.ru/cards-images/cards/ER/images?layers=BACKGROUND,CARD_NUMBER,CARD_HOLDER,PAY_PASS,CHIP,LOGO,PAYMENT_SYSTEM,RESERVED_1,RESERVED_2,VALID_DATE&width=280"
        srcset="https://online.alfabank.ru/cards-images/cards/ER/images?layers=BACKGROUND,CARD_NUMBER,CARD_HOLDER,PAY_PASS,CHIP,LOGO,PAYMENT_SYSTEM,RESERVED_1,RESERVED_2,VALID_DATE&width=560 2x"
        width="280"
      />
    </div>
  </div>,
  "debug": [Function],
  "findAllByAltText": [Function],
  "findAllByDisplayValue": [Function],
  "findAllByLabelText": [Function],
  "findAllByPlaceholderText": [Function],
  "findAllByRole": [Function],
  "findAllByTestId": [Function],
  "findAllByText": [Function],
  "findAllByTitle": [Function],
  "findByAltText": [Function],
  "findByDisplayValue": [Function],
  "findByLabelText": [Function],
  "findByPlaceholderText": [Function],
  "findByRole": [Function],
  "findByTestId": [Function],
  "findByText": [Function],
  "findByTitle": [Function],
  "getAllByAltText": [Function],
  "getAllByDisplayValue": [Function],
  "getAllByLabelText": [Function],
  "getAllByPlaceholderText": [Function],
  "getAllByRole": [Function],
  "getAllByTestId": [Function],
  "getAllByText": [Function],
  "getAllByTitle": [Function],
  "getByAltText": [Function],
  "getByDisplayValue": [Function],
  "getByLabelText": [Function],
  "getByPlaceholderText": [Function],
  "getByRole": [Function],
  "getByTestId": [Function],
  "getByText": [Function],
  "getByTitle": [Function],
  "queryAllByAltText": [Function],
  "queryAllByDisplayValue": [Function],
  "queryAllByLabelText": [Function],
  "queryAllByPlaceholderText": [Function],
  "queryAllByRole": [Function],
  "queryAllByTestId": [Function],
  "queryAllByText": [Function],
  "queryAllByTitle": [Function],
  "queryByAltText": [Function],
  "queryByDisplayValue": [Function],
  "queryByLabelText": [Function],
  "queryByPlaceholderText": [Function],
  "queryByRole": [Function],
  "queryByTestId": [Function],
  "queryByText": [Function],
  "queryByTitle": [Function],
  "rerender": [Function],
  "unmount": [Function],
}
`;
