// Jest Snapshot v1, https://goo.gl/fbAQLP

exports[`Toast Snapshots tests should match snapshot when closed 1`] = `
<body>
  <div
    alfa-portal-container=""
  />
  <div />
</body>
`;

exports[`Toast Snapshots tests should match snapshot when open 1`] = `
<body>
  <div />
  <div
    alfa-portal-container=""
  >
    <div
      class="component fixed toastPlate"
      style="z-index: 1000;"
    >
      <div
        class="contentWrap"
      >
        <div
          class="content"
        >
          <div>
            <div
              class="children"
            >
              text
            </div>
          </div>
        </div>
      </div>
    </div>
  </div>
</body>
`;

exports[`Toast Snapshots tests should math snapshot when prop \`anchorElement\` is passed 1`] = `
<body>
  <div
    alfa-portal-container=""
  >
    <div
      class="component"
      style="z-index: 1000; position: absolute; left: 0px; top: 0px;"
    >
      <div
        class="inner popoverInner"
        style="transition-duration: 150ms;"
      >
        <div
          class=""
        >
          <div
            class="component"
          >
            <div
              class="contentWrap"
            >
              <div
                class="content"
              >
                <div>
                  <div
                    class="children"
                  >
                    text
                  </div>
                </div>
              </div>
            </div>
          </div>
        </div>
      </div>
    </div>
  </div>
  <div />
  <div />
</body>
`;
