// Jest Snapshot v1, https://goo.gl/fbAQLP

exports[`Snapshots tests should match snapshot 1`] = `
Object {
  "asFragment": [Function],
  "baseElement": <body>
    <div>
      <div
        class="filterTag default s"
      >
        <button
          class="valueButton s"
          type="button"
        >
          <span>
            Press me
          </span>
          <span
            class="chevron"
          >
            <svg
              fill="currentColor"
              focusable="false"
              height="24"
              role="img"
              viewBox="0 0 24 24"
              width="24"
            >
              <path
                d="M12 14L6.5 8.5 5 10l7 7 7-7-1.5-1.5L12 14z"
              />
            </svg>
          </span>
        </button>
      </div>
    </div>
  </body>,
  "container": <div>
    <div
      class="filterTag default s"
    >
      <button
        class="valueButton s"
        type="button"
      >
        <span>
          Press me
        </span>
        <span
          class="chevron"
        >
          <svg
            fill="currentColor"
            focusable="false"
            height="24"
            role="img"
            viewBox="0 0 24 24"
            width="24"
          >
            <path
              d="M12 14L6.5 8.5 5 10l7 7 7-7-1.5-1.5L12 14z"
            />
          </svg>
        </span>
      </button>
    </div>
  </div>,
  "debug": [Function],
  "findAllByAltText": [Function],
  "findAllByDisplayValue": [Function],
  "findAllByLabelText": [Function],
  "findAllByPlaceholderText": [Function],
  "findAllByRole": [Function],
  "findAllByTestId": [Function],
  "findAllByText": [Function],
  "findAllByTitle": [Function],
  "findByAltText": [Function],
  "findByDisplayValue": [Function],
  "findByLabelText": [Function],
  "findByPlaceholderText": [Function],
  "findByRole": [Function],
  "findByTestId": [Function],
  "findByText": [Function],
  "findByTitle": [Function],
  "getAllByAltText": [Function],
  "getAllByDisplayValue": [Function],
  "getAllByLabelText": [Function],
  "getAllByPlaceholderText": [Function],
  "getAllByRole": [Function],
  "getAllByTestId": [Function],
  "getAllByText": [Function],
  "getAllByTitle": [Function],
  "getByAltText": [Function],
  "getByDisplayValue": [Function],
  "getByLabelText": [Function],
  "getByPlaceholderText": [Function],
  "getByRole": [Function],
  "getByTestId": [Function],
  "getByText": [Function],
  "getByTitle": [Function],
  "queryAllByAltText": [Function],
  "queryAllByDisplayValue": [Function],
  "queryAllByLabelText": [Function],
  "queryAllByPlaceholderText": [Function],
  "queryAllByRole": [Function],
  "queryAllByTestId": [Function],
  "queryAllByText": [Function],
  "queryAllByTitle": [Function],
  "queryByAltText": [Function],
  "queryByDisplayValue": [Function],
  "queryByLabelText": [Function],
  "queryByPlaceholderText": [Function],
  "queryByRole": [Function],
  "queryByTestId": [Function],
  "queryByText": [Function],
  "queryByTitle": [Function],
  "rerender": [Function],
  "unmount": [Function],
}
`;

exports[`Snapshots tests should match snapshot variant=alt 1`] = `
Object {
  "asFragment": [Function],
  "baseElement": <body>
    <div>
      <div
        class="filterTag alt s"
      >
        <button
          class="valueButton s"
          type="button"
        >
          <span>
            Press me
          </span>
          <span
            class="chevron"
          >
            <svg
              fill="currentColor"
              focusable="false"
              height="24"
              role="img"
              viewBox="0 0 24 24"
              width="24"
            >
              <path
                d="M12 14L6.5 8.5 5 10l7 7 7-7-1.5-1.5L12 14z"
              />
            </svg>
          </span>
        </button>
      </div>
    </div>
  </body>,
  "container": <div>
    <div
      class="filterTag alt s"
    >
      <button
        class="valueButton s"
        type="button"
      >
        <span>
          Press me
        </span>
        <span
          class="chevron"
        >
          <svg
            fill="currentColor"
            focusable="false"
            height="24"
            role="img"
            viewBox="0 0 24 24"
            width="24"
          >
            <path
              d="M12 14L6.5 8.5 5 10l7 7 7-7-1.5-1.5L12 14z"
            />
          </svg>
        </span>
      </button>
    </div>
  </div>,
  "debug": [Function],
  "findAllByAltText": [Function],
  "findAllByDisplayValue": [Function],
  "findAllByLabelText": [Function],
  "findAllByPlaceholderText": [Function],
  "findAllByRole": [Function],
  "findAllByTestId": [Function],
  "findAllByText": [Function],
  "findAllByTitle": [Function],
  "findByAltText": [Function],
  "findByDisplayValue": [Function],
  "findByLabelText": [Function],
  "findByPlaceholderText": [Function],
  "findByRole": [Function],
  "findByTestId": [Function],
  "findByText": [Function],
  "findByTitle": [Function],
  "getAllByAltText": [Function],
  "getAllByDisplayValue": [Function],
  "getAllByLabelText": [Function],
  "getAllByPlaceholderText": [Function],
  "getAllByRole": [Function],
  "getAllByTestId": [Function],
  "getAllByText": [Function],
  "getAllByTitle": [Function],
  "getByAltText": [Function],
  "getByDisplayValue": [Function],
  "getByLabelText": [Function],
  "getByPlaceholderText": [Function],
  "getByRole": [Function],
  "getByTestId": [Function],
  "getByText": [Function],
  "getByTitle": [Function],
  "queryAllByAltText": [Function],
  "queryAllByDisplayValue": [Function],
  "queryAllByLabelText": [Function],
  "queryAllByPlaceholderText": [Function],
  "queryAllByRole": [Function],
  "queryAllByTestId": [Function],
  "queryAllByText": [Function],
  "queryAllByTitle": [Function],
  "queryByAltText": [Function],
  "queryByDisplayValue": [Function],
  "queryByLabelText": [Function],
  "queryByPlaceholderText": [Function],
  "queryByRole": [Function],
  "queryByTestId": [Function],
  "queryByText": [Function],
  "queryByTitle": [Function],
  "rerender": [Function],
  "unmount": [Function],
}
`;

exports[`Snapshots tests should match snapshot with alt variant  1`] = `
Object {
  "asFragment": [Function],
  "baseElement": <body>
    <div>
      <div
        class="filterTag alt s"
      >
        <button
          class="valueButton s"
          type="button"
        >
          <span>
            Press me
          </span>
          <span
            class="chevron"
          >
            <svg
              fill="currentColor"
              focusable="false"
              height="24"
              role="img"
              viewBox="0 0 24 24"
              width="24"
            >
              <path
                d="M12 14L6.5 8.5 5 10l7 7 7-7-1.5-1.5L12 14z"
              />
            </svg>
          </span>
        </button>
      </div>
    </div>
  </body>,
  "container": <div>
    <div
      class="filterTag alt s"
    >
      <button
        class="valueButton s"
        type="button"
      >
        <span>
          Press me
        </span>
        <span
          class="chevron"
        >
          <svg
            fill="currentColor"
            focusable="false"
            height="24"
            role="img"
            viewBox="0 0 24 24"
            width="24"
          >
            <path
              d="M12 14L6.5 8.5 5 10l7 7 7-7-1.5-1.5L12 14z"
            />
          </svg>
        </span>
      </button>
    </div>
  </div>,
  "debug": [Function],
  "findAllByAltText": [Function],
  "findAllByDisplayValue": [Function],
  "findAllByLabelText": [Function],
  "findAllByPlaceholderText": [Function],
  "findAllByRole": [Function],
  "findAllByTestId": [Function],
  "findAllByText": [Function],
  "findAllByTitle": [Function],
  "findByAltText": [Function],
  "findByDisplayValue": [Function],
  "findByLabelText": [Function],
  "findByPlaceholderText": [Function],
  "findByRole": [Function],
  "findByTestId": [Function],
  "findByText": [Function],
  "findByTitle": [Function],
  "getAllByAltText": [Function],
  "getAllByDisplayValue": [Function],
  "getAllByLabelText": [Function],
  "getAllByPlaceholderText": [Function],
  "getAllByRole": [Function],
  "getAllByTestId": [Function],
  "getAllByText": [Function],
  "getAllByTitle": [Function],
  "getByAltText": [Function],
  "getByDisplayValue": [Function],
  "getByLabelText": [Function],
  "getByPlaceholderText": [Function],
  "getByRole": [Function],
  "getByTestId": [Function],
  "getByText": [Function],
  "getByTitle": [Function],
  "queryAllByAltText": [Function],
  "queryAllByDisplayValue": [Function],
  "queryAllByLabelText": [Function],
  "queryAllByPlaceholderText": [Function],
  "queryAllByRole": [Function],
  "queryAllByTestId": [Function],
  "queryAllByText": [Function],
  "queryAllByTitle": [Function],
  "queryByAltText": [Function],
  "queryByDisplayValue": [Function],
  "queryByLabelText": [Function],
  "queryByPlaceholderText": [Function],
  "queryByRole": [Function],
  "queryByTestId": [Function],
  "queryByText": [Function],
  "queryByTitle": [Function],
  "rerender": [Function],
  "unmount": [Function],
}
`;

exports[`Snapshots tests should match without children snapshot 1`] = `
Object {
  "asFragment": [Function],
  "baseElement": <body>
    <div>
      <div
        class="filterTag default s"
      >
        <button
          class="valueButton s"
          type="button"
        >
          <span />
          <span
            class="chevron"
          >
            <svg
              fill="currentColor"
              focusable="false"
              height="24"
              role="img"
              viewBox="0 0 24 24"
              width="24"
            >
              <path
                d="M12 14L6.5 8.5 5 10l7 7 7-7-1.5-1.5L12 14z"
              />
            </svg>
          </span>
        </button>
      </div>
    </div>
  </body>,
  "container": <div>
    <div
      class="filterTag default s"
    >
      <button
        class="valueButton s"
        type="button"
      >
        <span />
        <span
          class="chevron"
        >
          <svg
            fill="currentColor"
            focusable="false"
            height="24"
            role="img"
            viewBox="0 0 24 24"
            width="24"
          >
            <path
              d="M12 14L6.5 8.5 5 10l7 7 7-7-1.5-1.5L12 14z"
            />
          </svg>
        </span>
      </button>
    </div>
  </div>,
  "debug": [Function],
  "findAllByAltText": [Function],
  "findAllByDisplayValue": [Function],
  "findAllByLabelText": [Function],
  "findAllByPlaceholderText": [Function],
  "findAllByRole": [Function],
  "findAllByTestId": [Function],
  "findAllByText": [Function],
  "findAllByTitle": [Function],
  "findByAltText": [Function],
  "findByDisplayValue": [Function],
  "findByLabelText": [Function],
  "findByPlaceholderText": [Function],
  "findByRole": [Function],
  "findByTestId": [Function],
  "findByText": [Function],
  "findByTitle": [Function],
  "getAllByAltText": [Function],
  "getAllByDisplayValue": [Function],
  "getAllByLabelText": [Function],
  "getAllByPlaceholderText": [Function],
  "getAllByRole": [Function],
  "getAllByTestId": [Function],
  "getAllByText": [Function],
  "getAllByTitle": [Function],
  "getByAltText": [Function],
  "getByDisplayValue": [Function],
  "getByLabelText": [Function],
  "getByPlaceholderText": [Function],
  "getByRole": [Function],
  "getByTestId": [Function],
  "getByText": [Function],
  "getByTitle": [Function],
  "queryAllByAltText": [Function],
  "queryAllByDisplayValue": [Function],
  "queryAllByLabelText": [Function],
  "queryAllByPlaceholderText": [Function],
  "queryAllByRole": [Function],
  "queryAllByTestId": [Function],
  "queryAllByText": [Function],
  "queryAllByTitle": [Function],
  "queryByAltText": [Function],
  "queryByDisplayValue": [Function],
  "queryByLabelText": [Function],
  "queryByPlaceholderText": [Function],
  "queryByRole": [Function],
  "queryByTestId": [Function],
  "queryByText": [Function],
  "queryByTitle": [Function],
  "rerender": [Function],
  "unmount": [Function],
}
`;
