// Jest Snapshot v1, https://goo.gl/fbAQLP

exports[`Grid.Col Snapshots tests should match snapshot 1`] = `
<div>
  <div
    class="col component"
  >
    content
  </div>
</div>
`;
