// Jest Snapshot v1, https://goo.gl/fbAQLP

exports[`Attach Snapshots tests should match snapshot 1`] = `
<div>
  <div
    class="component s"
  >
    <button
      class="component outlined s"
    >
      <span
        class="addons"
      >
        <svg
          class="icon"
          focusable="false"
          height="18"
          viewBox="0 0 17 18"
          width="17"
        >
          <g
            fill="none"
            fill-rule="evenodd"
          >
            <path
              d="M-3-3h24v24H-3"
            />
            <path
              d="M8.508 16.07a5.002 5.002 0 0 0 7.026-.044A4.998 4.998 0 0 0 15.578 9L7.8 1.222a3.996 3.996 0 0 0-6.69 1.793 3.999 3.999 0 0 0 1.034 3.864l6.364 6.363a3 3 0 0 0 5.037-1.337 2.998 2.998 0 0 0-.795-2.907L9.92 6.172l-.706.707 2.83 2.827a2.002 2.002 0 0 1-2.831 2.829l-6.36-6.364a2.996 2.996 0 0 1-.001-4.241 2.997 2.997 0 0 1 4.242 0l7.778 7.777a4 4 0 0 1-5.657 5.658L2.85 9l-.707.707 6.365 6.364z"
              fill="#0B1F35"
              fill-rule="nonzero"
            />
          </g>
        </svg>
      </span>
      <span
        class="text"
      >
        <span>
          Выберите файл
        </span>
      </span>
    </button>
    <label
      class="label"
    >
      <input
        class="control"
        tabindex="-1"
        type="file"
      />
    </label>
    <div
      class="noFile"
    >
      Нет файла
    </div>
  </div>
</div>
`;
